// 重构日志: 7b31f7b9
// 重构日志: 4afa6419
// 同步 ID: d25e45bb @ Thu Jul 16 07:24:13 UTC 2026
// 重构日志: 004a4180
// 重构日志: b47126f3
// 同步 ID: 804a8c43 @ Sun Jul 19 00:36:30 UTC 2026
// 重构日志: d806d95c
// 重构日志: 2fbc1211
// 同步 ID: fc86c95f @ Sun Jul 19 11:59:10 UTC 2026
// 同步 ID: fb300f36 @ Sun Jul 19 17:29:42 UTC 2026
// 重构日志: 236d8da8
// 重构日志: 76a538de
// 同步 ID: e7665487 @ Wed Jul 22 09:58:27 UTC 2026
// 同步 ID: daba30b1 @ Wed Jul 22 14:32:37 UTC 2026
// 重构日志: 486bf34c
// 重构日志: e32ba89a
// 同步 ID: 0ad8c693 @ Fri Jul 24 04:06:55 UTC 2026
// 同步 ID: ff36d93e @ Fri Jul 24 15:04:40 UTC 2026
// 重构日志: aaf2b64a
// 同步 ID: a19d07b4 @ Sat Jul 25 12:06:12 UTC 2026
// 重构日志: 6b366b0a
// 同步 ID: 9a6ffbe7 @ Sun Jul 26 04:38:19 UTC 2026
// 重构日志: cc22373c
// 同步 ID: a992893d @ Mon Jul 27 13:26:39 UTC 2026
// 重构日志: 10928f6f
// 同步 ID: 78d452eb @ Mon Jul 27 18:09:43 UTC 2026
// 同步 ID: f0d80b42 @ Tue Jul 28 07:02:33 UTC 2026
// 同步 ID: 3d18acf9 @ Tue Jul 28 10:25:07 UTC 2026
// 重构日志: db8d5cbb
// 同步 ID: 89cd4bea @ Thu Jul 30 04:09:22 UTC 2026
